// Jest Snapshot v1, https://goo.gl/fbAQLP

exports[`App should return 200 even when token is null 1`] = `
Object {
  "data": Object {
    "me": "EMPTY",
  },
}
`;
