// Jest Snapshot v1, https://goo.gl/fbAQLP

exports[`ReadingModel should create new reading using ReadingModel 1`] = `
Object {
  "__v": 0,
  "_id": "ObjectId",
  "bookId": "ObjectId",
  "createdAt": "FROZEN-CREATEDAT",
  "isActive": true,
  "readPages": 5,
  "removedAt": "EMPTY",
  "updatedAt": "FROZEN-UPDATEDAT",
  "userId": "ObjectId",
}
`;
