// Jest Snapshot v1, https://goo.gl/fbAQLP

exports[`TokenLoader should only load me valid token 1`] = `
Object {
  "_id": "ObjectId",
  "createdAt": "FROZEN-CREATEDAT",
  "expiresIn": "EMPTY",
  "id": "FROZEN-ID",
  "ip": "::ffff:127.0.0.1",
  "isActive": true,
  "isBlocked": false,
  "registeredType": "Token",
  "scope": "BOOKSAPP:SESSION",
  "updatedAt": "FROZEN-UPDATEDAT",
  "userId": "ObjectId",
}
`;
