// Jest Snapshot v1, https://goo.gl/fbAQLP

exports[`UserRegistrationMutation should registrate an user 1`] = `
Object {
  "data": Object {
    "UserRegistration": Object {
      "error": "EMPTY",
      "token": "FROZEN-TOKEN",
    },
  },
}
`;
