// Jest Snapshot v1, https://goo.gl/fbAQLP

exports[`UserQueries should query an me 1`] = `
Object {
  "data": Object {
    "me": Object {
      "email": "user1@example.com",
      "id": "FROZEN-ID",
      "name": "User #1",
    },
  },
}
`;
