// Jest Snapshot v1, https://goo.gl/fbAQLP

exports[`Query queries should get me from query 1`] = `
Object {
  "me": Object {
    "id": "FROZEN-ID",
  },
}
`;
